// Jest Snapshot v1, https://goo.gl/fbAQLP

exports[`WeekViewBar renders correctly with no rehearsals 1`] = `
<div
  className="ui fluid top fixed nine item menu"
>
  <div
    className="icon item"
    onClick={[Function]}
  >
    <i
      aria-hidden="true"
      className="chevron left icon"
    />
    
  </div>
  <div
    className="item"
    onClick={[Function]}
  >
    <div
      className="ui list"
      role="list"
      style={
        Object {
          "textAlign": "center",
        }
      }
    >
      <div
        className="item"
        data-value={undefined}
        onClick={[Function]}
        role="listitem"
      >
        <div
          className="description"
        >
          S
        </div>
        <h3
          className="header"
        >
          14
        </h3>
        <div
          className="description"
        >
          <i
            aria-hidden="true"
            className="grey circle tiny inverted icon"
          />
        </div>
      </div>
    </div>
  </div>
  <div
    className="item"
    onClick={[Function]}
  >
    <div
      className="ui list"
      role="list"
      style={
        Object {
          "textAlign": "center",
        }
      }
    >
      <div
        className="item"
        data-value={undefined}
        onClick={[Function]}
        role="listitem"
      >
        <div
          className="description"
        >
          M
        </div>
        <h3
          className="header"
        >
          15
        </h3>
        <div
          className="description"
        >
          <i
            aria-hidden="true"
            className="grey circle tiny inverted icon"
          />
        </div>
      </div>
    </div>
  </div>
  <div
    className="item"
    onClick={[Function]}
  >
    <div
      className="ui list"
      role="list"
      style={
        Object {
          "textAlign": "center",
        }
      }
    >
      <div
        className="item"
        data-value={undefined}
        onClick={[Function]}
        role="listitem"
      >
        <div
          className="description"
        >
          T
        </div>
        <h3
          className="header"
        >
          16
        </h3>
        <div
          className="description"
        >
          <i
            aria-hidden="true"
            className="grey circle tiny inverted icon"
          />
        </div>
      </div>
    </div>
  </div>
  <div
    className="item"
    onClick={[Function]}
  >
    <div
      className="ui list"
      role="list"
      style={
        Object {
          "textAlign": "center",
        }
      }
    >
      <div
        className="item"
        data-value={undefined}
        onClick={[Function]}
        role="listitem"
      >
        <div
          className="description"
        >
          W
        </div>
        <h3
          className="header"
        >
          17
        </h3>
        <div
          className="description"
        >
          <i
            aria-hidden="true"
            className="grey circle tiny inverted icon"
          />
        </div>
      </div>
    </div>
  </div>
  <div
    className="item"
    onClick={[Function]}
  >
    <div
      className="ui list"
      role="list"
      style={
        Object {
          "textAlign": "center",
        }
      }
    >
      <div
        className="item"
        data-value={undefined}
        onClick={[Function]}
        role="listitem"
      >
        <div
          className="description"
        >
          T
        </div>
        <h3
          className="header"
        >
          18
        </h3>
        <div
          className="description"
        >
          <i
            aria-hidden="true"
            className="grey circle tiny inverted icon"
          />
        </div>
      </div>
    </div>
  </div>
  <div
    className="item"
    onClick={[Function]}
  >
    <div
      className="ui list"
      role="list"
      style={
        Object {
          "textAlign": "center",
        }
      }
    >
      <div
        className="item"
        data-value={undefined}
        onClick={[Function]}
        role="listitem"
      >
        <div
          className="description"
        >
          F
        </div>
        <h3
          className="header"
        >
          20
        </h3>
        <div
          className="description"
        >
          <i
            aria-hidden="true"
            className="grey circle tiny inverted icon"
          />
        </div>
      </div>
    </div>
  </div>
  <div
    className="item"
    onClick={[Function]}
  >
    <div
      className="ui list"
      role="list"
      style={
        Object {
          "textAlign": "center",
        }
      }
    >
      <div
        className="item"
        data-value={undefined}
        onClick={[Function]}
        role="listitem"
      >
        <div
          className="description"
        >
          S
        </div>
        <h3
          className="header"
        >
          20
        </h3>
        <div
          className="description"
        >
          <i
            aria-hidden="true"
            className="grey circle tiny inverted icon"
          />
        </div>
      </div>
    </div>
  </div>
  <div
    className="icon item"
    onClick={[Function]}
  >
    <i
      aria-hidden="true"
      className="chevron right icon"
    />
    
  </div>
</div>
`;

exports[`WeekViewBar renders correctly with rehearsals on multiple days 1`] = `
<div
  className="ui fluid top fixed nine item menu"
>
  <div
    className="icon item"
    onClick={[Function]}
  >
    <i
      aria-hidden="true"
      className="chevron left icon"
    />
    
  </div>
  <div
    className="item"
    onClick={[Function]}
  >
    <div
      className="ui list"
      role="list"
      style={
        Object {
          "textAlign": "center",
        }
      }
    >
      <div
        className="item"
        data-value={undefined}
        onClick={[Function]}
        role="listitem"
      >
        <div
          className="description"
        >
          S
        </div>
        <h3
          className="header"
        >
          14
        </h3>
        <div
          className="description"
        >
          <i
            aria-hidden="true"
            className="blue circle tiny icon"
          />
        </div>
      </div>
    </div>
  </div>
  <div
    className="item"
    onClick={[Function]}
  >
    <div
      className="ui list"
      role="list"
      style={
        Object {
          "textAlign": "center",
        }
      }
    >
      <div
        className="item"
        data-value={undefined}
        onClick={[Function]}
        role="listitem"
      >
        <div
          className="description"
        >
          M
        </div>
        <h3
          className="header"
        >
          15
        </h3>
        <div
          className="description"
        >
          <i
            aria-hidden="true"
            className="blue circle tiny icon"
          />
        </div>
      </div>
    </div>
  </div>
  <div
    className="item"
    onClick={[Function]}
  >
    <div
      className="ui list"
      role="list"
      style={
        Object {
          "textAlign": "center",
        }
      }
    >
      <div
        className="item"
        data-value={undefined}
        onClick={[Function]}
        role="listitem"
      >
        <div
          className="description"
        >
          T
        </div>
        <h3
          className="header"
        >
          16
        </h3>
        <div
          className="description"
        >
          <i
            aria-hidden="true"
            className="blue circle tiny icon"
          />
        </div>
      </div>
    </div>
  </div>
  <div
    className="item"
    onClick={[Function]}
  >
    <div
      className="ui list"
      role="list"
      style={
        Object {
          "textAlign": "center",
        }
      }
    >
      <div
        className="item"
        data-value={undefined}
        onClick={[Function]}
        role="listitem"
      >
        <div
          className="description"
        >
          W
        </div>
        <h3
          className="header"
        >
          17
        </h3>
        <div
          className="description"
        >
          <i
            aria-hidden="true"
            className="blue circle tiny icon"
          />
        </div>
      </div>
    </div>
  </div>
  <div
    className="item"
    onClick={[Function]}
  >
    <div
      className="ui list"
      role="list"
      style={
        Object {
          "textAlign": "center",
        }
      }
    >
      <div
        className="item"
        data-value={undefined}
        onClick={[Function]}
        role="listitem"
      >
        <div
          className="description"
        >
          T
        </div>
        <h3
          className="header"
        >
          18
        </h3>
        <div
          className="description"
        >
          <i
            aria-hidden="true"
            className="blue circle tiny icon"
          />
        </div>
      </div>
    </div>
  </div>
  <div
    className="item"
    onClick={[Function]}
  >
    <div
      className="ui list"
      role="list"
      style={
        Object {
          "textAlign": "center",
        }
      }
    >
      <div
        className="item"
        data-value={undefined}
        onClick={[Function]}
        role="listitem"
      >
        <div
          className="description"
        >
          F
        </div>
        <h3
          className="header"
        >
          20
        </h3>
        <div
          className="description"
        >
          <i
            aria-hidden="true"
            className="blue circle tiny icon"
          />
        </div>
      </div>
    </div>
  </div>
  <div
    className="item"
    onClick={[Function]}
  >
    <div
      className="ui list"
      role="list"
      style={
        Object {
          "textAlign": "center",
        }
      }
    >
      <div
        className="item"
        data-value={undefined}
        onClick={[Function]}
        role="listitem"
      >
        <div
          className="description"
        >
          S
        </div>
        <h3
          className="header"
        >
          20
        </h3>
        <div
          className="description"
        >
          <i
            aria-hidden="true"
            className="blue circle tiny icon"
          />
        </div>
      </div>
    </div>
  </div>
  <div
    className="icon item"
    onClick={[Function]}
  >
    <i
      aria-hidden="true"
      className="chevron right icon"
    />
    
  </div>
</div>
`;

exports[`WeekViewBar renders correctly with rehearsals on one day 1`] = `
<div
  className="ui fluid top fixed nine item menu"
>
  <div
    className="icon item"
    onClick={[Function]}
  >
    <i
      aria-hidden="true"
      className="chevron left icon"
    />
    
  </div>
  <div
    className="item"
    onClick={[Function]}
  >
    <div
      className="ui list"
      role="list"
      style={
        Object {
          "textAlign": "center",
        }
      }
    >
      <div
        className="item"
        data-value={undefined}
        onClick={[Function]}
        role="listitem"
      >
        <div
          className="description"
        >
          S
        </div>
        <h3
          className="header"
        >
          14
        </h3>
        <div
          className="description"
        >
          <i
            aria-hidden="true"
            className="grey circle tiny inverted icon"
          />
        </div>
      </div>
    </div>
  </div>
  <div
    className="item"
    onClick={[Function]}
  >
    <div
      className="ui list"
      role="list"
      style={
        Object {
          "textAlign": "center",
        }
      }
    >
      <div
        className="item"
        data-value={undefined}
        onClick={[Function]}
        role="listitem"
      >
        <div
          className="description"
        >
          M
        </div>
        <h3
          className="header"
        >
          15
        </h3>
        <div
          className="description"
        >
          <i
            aria-hidden="true"
            className="grey circle tiny inverted icon"
          />
        </div>
      </div>
    </div>
  </div>
  <div
    className="item"
    onClick={[Function]}
  >
    <div
      className="ui list"
      role="list"
      style={
        Object {
          "textAlign": "center",
        }
      }
    >
      <div
        className="item"
        data-value={undefined}
        onClick={[Function]}
        role="listitem"
      >
        <div
          className="description"
        >
          T
        </div>
        <h3
          className="header"
        >
          16
        </h3>
        <div
          className="description"
        >
          <i
            aria-hidden="true"
            className="grey circle tiny inverted icon"
          />
        </div>
      </div>
    </div>
  </div>
  <div
    className="item"
    onClick={[Function]}
  >
    <div
      className="ui list"
      role="list"
      style={
        Object {
          "textAlign": "center",
        }
      }
    >
      <div
        className="item"
        data-value={undefined}
        onClick={[Function]}
        role="listitem"
      >
        <div
          className="description"
        >
          W
        </div>
        <h3
          className="header"
        >
          17
        </h3>
        <div
          className="description"
        >
          <i
            aria-hidden="true"
            className="blue circle tiny icon"
          />
        </div>
      </div>
    </div>
  </div>
  <div
    className="item"
    onClick={[Function]}
  >
    <div
      className="ui list"
      role="list"
      style={
        Object {
          "textAlign": "center",
        }
      }
    >
      <div
        className="item"
        data-value={undefined}
        onClick={[Function]}
        role="listitem"
      >
        <div
          className="description"
        >
          T
        </div>
        <h3
          className="header"
        >
          18
        </h3>
        <div
          className="description"
        >
          <i
            aria-hidden="true"
            className="grey circle tiny inverted icon"
          />
        </div>
      </div>
    </div>
  </div>
  <div
    className="item"
    onClick={[Function]}
  >
    <div
      className="ui list"
      role="list"
      style={
        Object {
          "textAlign": "center",
        }
      }
    >
      <div
        className="item"
        data-value={undefined}
        onClick={[Function]}
        role="listitem"
      >
        <div
          className="description"
        >
          F
        </div>
        <h3
          className="header"
        >
          20
        </h3>
        <div
          className="description"
        >
          <i
            aria-hidden="true"
            className="grey circle tiny inverted icon"
          />
        </div>
      </div>
    </div>
  </div>
  <div
    className="item"
    onClick={[Function]}
  >
    <div
      className="ui list"
      role="list"
      style={
        Object {
          "textAlign": "center",
        }
      }
    >
      <div
        className="item"
        data-value={undefined}
        onClick={[Function]}
        role="listitem"
      >
        <div
          className="description"
        >
          S
        </div>
        <h3
          className="header"
        >
          20
        </h3>
        <div
          className="description"
        >
          <i
            aria-hidden="true"
            className="grey circle tiny inverted icon"
          />
        </div>
      </div>
    </div>
  </div>
  <div
    className="icon item"
    onClick={[Function]}
  >
    <i
      aria-hidden="true"
      className="chevron right icon"
    />
    
  </div>
</div>
`;
